// Jest Snapshot v1, https://goo.gl/fbAQLP

exports[`should match Snapshot 1`] = `
"<div className=\\"citySelected\\">
  <NavLink className=\\"link allCitiesLink\\" activeClassName=\\"link__active\\" isActive={[Function]} to=\\"/all-cities/overview\\" ariaCurrent=\\"true\\">
    All cities
  </NavLink>
  <NavLink className=\\"link cityLink\\" activeClassName=\\"link__active\\" isActive={[Function]} to=\\"/perth/overview\\" ariaCurrent=\\"true\\">
    Perth
  </NavLink>
  <NavLink className=\\"link cityLink\\" activeClassName=\\"link__active\\" isActive={[Function]} to=\\"/sydney/overview\\" ariaCurrent=\\"true\\">
    Sydney
  </NavLink>
</div>"
`;
