// Jest Snapshot v1, https://goo.gl/fbAQLP

exports[`should match Snapshot 1`] = `
"<div style={{...}}>
  <div className=\\"container\\">
    <div className=\\"textAndIndicator\\">
      <div className=\\"titleText\\">
        <h1 id=\\"focus-point\\" className=\\"title\\">
          Banner title
        </h1>
        <p className=\\"description\\">
          This is the mock category
        </p>
      </div>
      <div>
        <IndicatorCard size=\\"large\\" className=\\"card\\" color=\\"JOBS_500\\" colorName=\\"jobs\\" indicatorId=\\"population\\" cities={{...}} city={[undefined]} />
      </div>
    </div>
  </div>
</div>"
`;
