// Jest Snapshot v1, https://goo.gl/fbAQLP

exports[`should match snapshot 1`] = `
"<NavLink to=\\"/feedback\\" className=\\"button\\" activeClassName=\\"active\\" ariaCurrent=\\"true\\">
  <span className=\\"buttonText\\">
    Give feedback
  </span>
  <Icon icon=\\"speechBubble\\" className=\\"speechBubbleIcon\\" size={25} />
</NavLink>"
`;
