// Jest Snapshot v1, https://goo.gl/fbAQLP

exports[`should match Snapshot 1`] = `
"<div className=\\"pageWrapper\\">
  <div>
    <SideBar closeNav={[Function]} isOpen={false} cityId=\\"perth\\" />
  </div>
  <div>
    <Header openNav={[Function]} cityId=\\"perth\\" categoryId=\\"jobs\\" cityName={[undefined]} categoryColorName={[undefined]} onFeedbackPage={[undefined]} />
    <main className=\\"main\\">
      <div>
        render me
      </div>
    </main>
    <FooterContainer categoryId=\\"jobs\\" />
  </div>
</div>"
`;
