// Jest Snapshot v1, https://goo.gl/fbAQLP

exports[`should match Snapshot 1`] = `"<RangeCard colorName=\\"jobs\\" indicatorId=\\"population\\" color=\\"#fff\\" size=\\"small\\" className=\\"wrapper\\" indicator={{...}} />"`;
