// Jest Snapshot v1, https://goo.gl/fbAQLP

exports[`should match Snapshot 1`] = `
"<span onMouseOver={[Function]} onMouseOut={[Function]} onTouchStart={[Function]} className=\\"tooltipTarget\\">
  Hover here for help
</span>"
`;
