// Jest Snapshot v1, https://goo.gl/fbAQLP

exports[`should match Snapshot 1`] = `
"<PageWrapper cityId=\\"perth\\" cityName=\\"Perth\\" categoryColorName=\\"primary\\" categoryId=\\"overview\\">
  <PageBanner colorName=\\"primary\\" description=\\"Perth\\" indicatorId=\\"population\\" indicatorSubCategory={{...}} title=\\"Perth\\" city={{...}} />
  <CategoryOverviews city={{...}} />
</PageWrapper>"
`;
