// Jest Snapshot v1, https://goo.gl/fbAQLP

exports[`should match Snapshot 1`] = `
"<article className=\\"wrapper\\">
  <ChartTable className=\\"table\\" chart={{...}} cities={{...}} />
  <div aria-hidden=\\"true\\">
    <header className=\\"titleWrapper\\">
      <h1 className=\\"title\\" />
      <Tooltip text=\\"the description of the task\\" borderColor=\\"JOBS_600\\">
        <Icon icon=\\"questionMark\\" className=\\"aboutChartIcon\\" size={22} color=\\"JOBS_600\\" title=\\"\\" />
      </Tooltip>
    </header>
    <div className=\\"metaWrapper\\">
      <IndicatorIcon className=\\"indicatorTypeMark\\" color=\\"JOBS_500\\" contextual={true} />
    </div>
    <div className=\\"axisTitle\\" />
    <div className=\\"chartWrapper\\">
      <div id=\\"population-chart\\" />
    </div>
  </div>
</article>"
`;
